  2.9% (1/35) plain copy
  5.7% (2/35) 34.234591
  8.6% (3/35) 20.645762
 11.4% (4/35) 13.684395
 14.3% (5/35) 12.293925
 17.1% (6/35) 12.658429
 20.0% (7/35) 0
 22.9% (8/35) 14.031583
 25.7% (9/35) 12.608277
 28.6% (10/35) 0
 31.4% (11/35) 11.086699
 34.3% (12/35) 0
 37.1% (13/35) 0
 40.0% (14/35) 18.531943
 42.9% (15/35) 18.688911
 45.7% (16/35) 0
 48.6% (17/35) 0
 51.4% (18/35) 0
 54.3% (19/35) 17.240262
 57.1% (20/35) 36.358647
 60.0% (21/35) 15.108038
 62.9% (22/35) 20.006354
 65.7% (23/35) 15.974257
 68.6% (24/35) 19.087049
 71.4% (25/35) 27.119088
 74.3% (26/35) 11.676723
 77.1% (27/35) 0
 80.0% (28/35) 16.924617
 82.9% (29/35) 13.939996
 85.7% (30/35) 0
 88.6% (31/35) 0
 91.4% (32/35) 0
 94.3% (33/35) 0
 97.1% (34/35) 0
100.0% (35/35) 0
