  2.9% (1/35) 2016_12_02_0101_s00_01.png reg/2016_12_02_0101_s00_01.tif plain copy
  5.7% (2/35) reg/2016_12_02_0101_s00_01.tif 2016_12_02_0101_s00_02.png 199 14.589169 ['14.589169']
  8.6% (3/35) reg/2016_12_02_0101_s00_02.tif 2016_12_02_0101_s00_03.png 199 35.421110 ['35.421110']
 11.4% (4/35) reg/2016_12_02_0101_s00_03.tif 2016_12_02_0101_s00_04.png 199 10.034089 ['10.034089']
 14.3% (5/35) reg/2016_12_02_0101_s00_04.tif 2016_12_02_0101_s00_05.png 199 24.946752 ['24.946752']
 17.1% (6/35) reg/2016_12_02_0101_s00_05.tif 2016_12_02_0101_s00_06.png 199 11.852175 ['11.852175']
 20.0% (7/35) reg/2016_12_02_0101_s00_06.tif 2016_12_02_0101_s00_07.png 199 101.793956 ['101.793956']
 22.9% (8/35) reg/2016_12_02_0101_s00_07.tif 2016_12_02_0101_s00_08.png 199 7.977391 ['7.977391']
 25.7% (9/35) reg/2016_12_02_0101_s00_08.tif 2016_12_02_0101_s00_09.png 199 156.749772 ['156.749772']
 28.6% (10/35) reg/2016_12_02_0101_s00_09.tif 2016_12_02_0101_s00_10.png 199 213.792539 ['213.792539']
 31.4% (11/35) reg/2016_12_02_0101_s00_10.tif 2016_12_02_0101_s00_11.png 199 18.364090 ['18.364090']
 34.3% (12/35) reg/2016_12_02_0101_s00_11.tif 2016_12_02_0101_s00_12.png 199 274.491994 ['274.491994']
 37.1% (13/35) reg/2016_12_02_0101_s00_12.tif 2016_12_02_0101_s01_01.png
Traceback (most recent call last):
  File "/elastix_scripts/recRegStack.py", line 271, in <module>
    main()
  File "/elastix_scripts/recRegStack.py", line 97, in main
    register(FNs[start:], FNo, args, FNp) # skip upto start
  File "/elastix_scripts/recRegStack.py", line 216, in register
    selx.Execute()
  File "/opt/SimpleElastix/lib/python/SimpleITK/SimpleITK.py", line 10996, in Execute
    return _SimpleITK.ElastixImageFilter_Execute(self)
RuntimeError: Exception thrown in SimpleITK ElastixImageFilter_Execute: /SimpleElastix/Code/Elastix/src/sitkElastixImageFilterImpl.cxx:259:
sitk::ERROR: 
itk::ExceptionObject (0x55725075f6d0)
Location: "unknown" 
File: /selx_build/Elastix/Core/Main/elxElastixFilter.hxx
Line: 253
Description: itk::ERROR: Self(0x7f57bc001ed0): Internal elastix error: See elastix log (use LogToConsoleOn() or LogToFileOn()).


