 11.1% (1/9) reg2/2016_12_02_0101_s02_06.tif 2016_12_02_0101_s03_01.png 199 85.624762 ['85.624762']
 22.2% (2/9) reg2/2016_12_02_0101_s03_01.tif 2016_12_02_0101_s03_05.png 199 113.729087 ['113.729087']
 33.3% (3/9) reg2/2016_12_02_0101_s03_05.tif 2016_12_02_0101_s03_06.png 199 44.244600 ['44.244600']
 44.4% (4/9) reg2/2016_12_02_0101_s03_06.tif 2016_12_02_0101_s03_07.png 199 18.140089 ['18.140089']
 55.6% (5/9) reg2/2016_12_02_0101_s03_07.tif 2016_12_02_0101_s03_08.png 199 15.179343 ['15.179343']
 66.7% (6/9) reg2/2016_12_02_0101_s03_08.tif 2016_12_02_0101_s03_09.png 199 13.513000 ['13.513000']
 77.8% (7/9) reg2/2016_12_02_0101_s03_09.tif 2016_12_02_0101_s03_10.png 199 24.320581 ['24.320581']
 88.9% (8/9) reg2/2016_12_02_0101_s03_10.tif 2016_12_02_0101_s03_11.png 199 20.449431 ['20.449431']
100.0% (9/9) reg2/2016_12_02_0101_s03_11.tif 2016_12_02_0101_s03_12.png 199 12.454515 ['12.454515']
